2026-09-20 10:41:23.234: [INFO] CurrentProfilePath: C:\Users\rjxas\AppData\Local\Temp\flutter_tools.61b230f3\flutter_tools_chrome_device.2bc164a7\Default
2026-09-20 10:41:23.234: [INFO] Profiles total count: 1
2026-09-20 10:41:23.234: [INFO] Profile: name=Profile 1 path=C:\Users\rjxas\AppData\Local\Temp\flutter_tools.61b230f3\flutter_tools_chrome_device.2bc164a7\Default lastActive=null
2026-09-20 10:41:23.234: [INFO] LastUsedProfileDir: C:\Users\rjxas\AppData\Local\Temp\flutter_tools.61b230f3\flutter_tools_chrome_device.2bc164a7\Default
2026-09-20 10:41:23.234: [INFO] VisibilityChanged: 0
2026-09-20 10:41:23.414: [INFO] RecordSyncInitDuration has_sync_been_enabled: 0 state: 0
2026-09-20 10:41:23.417: [INFO] RecordSyncInitDuration has_sync_been_enabled: 0 state: 0
2026-09-20 10:41:23.420: [INFO] RecordSyncInitDuration has_sync_been_enabled: 0 state: 0
2026-09-20 10:41:23.422: [INFO] RecordSyncInitDuration has_sync_been_enabled: 0 state: 0
2026-09-20 10:41:23.425: [INFO] RecordSyncInitDuration has_sync_been_enabled: 0 state: 0
2026-09-20 10:41:23.432: [INFO] RecordSyncInitDuration has_sync_been_enabled: 0 state: 0
2026-09-20 10:41:23.437: [INFO] RecordSyncInitDuration has_sync_been_enabled: 0 state: 0
2026-09-20 10:41:23.439: [INFO] RecordSyncInitDuration has_sync_been_enabled: 0 state: 0
2026-09-20 10:41:23.441: [INFO] RecordSyncInitDuration has_sync_been_enabled: 0 state: 0
2026-09-20 10:41:23.444: [INFO] RecordSyncInitDuration has_sync_been_enabled: 0 state: 0
2026-09-20 10:41:23.524: [INFO] BookmarkNodeAdded, ABU: 0
2026-09-20 10:41:23.524: [INFO] OnDoneLoading sync enabled: 0
2026-09-20 10:41:23.524: [INFO] BookmarkModelLoaded, ids_reassigned: 0
2026-09-20 10:41:23.524: [INFO] BookmarksLoadDropped droppedNodes=0
2026-09-20 10:41:23.525: [INFO] BookmarksSnapshot Startup total=1 bar=1 other=0 mobile=0 showBar=0 showBarNTP=1
2026-09-20 10:41:23.537: [INFO] RecordSyncInitDuration has_sync_been_enabled: 0 state: 0
2026-09-20 10:41:30.007: [INFO] RecordSyncInitDuration has_sync_been_enabled: 0 state: 0
2026-09-20 10:41:30.099: [INFO] RecordSyncInitDuration has_sync_been_enabled: 0 state: 3
2026-09-20 10:41:30.119: [INFO] Primary account changed.
2026-09-20 10:41:30.119: [INFO] OnPrimaryAccountChanged PrimaryAccountChangeEvent::Type::kSet
2026-09-20 10:41:30.131: [INFO] RecordSyncInitDuration has_sync_been_enabled: 0 state: 3
2026-09-20 10:41:30.185: [INFO] RecordSyncInitDuration has_sync_been_enabled: 0 state: 3
2026-09-20 10:41:35.372: [INFO] BookmarkNodeAdded, ABU: 0
2026-09-20 10:41:35.372: [INFO] BookmarkNodeAdded, ABU: 0
2026-09-20 10:41:35.374: [INFO] BookmarkNodeAdded, ABU: 0
2026-09-20 10:41:35.376: [INFO] BookmarkNodeAdded, ABU: 0
2026-09-20 10:41:35.376: [INFO] BookmarkNodeAdded, ABU: 0
2026-09-20 10:41:35.377: [INFO] BookmarkNodeAdded, ABU: 0
2026-09-20 10:41:35.377: [INFO] BookmarkNodeAdded, ABU: 0
2026-09-20 10:41:35.377: [INFO] BookmarkNodeAdded, ABU: 0
2026-09-20 10:41:35.377: [INFO] BookmarkNodeAdded, ABU: 0
2026-09-20 10:41:35.377: [INFO] BookmarkNodeAdded, ABU: 0
2026-09-20 10:41:35.378: [INFO] BookmarkNodeAdded, ABU: 0
2026-09-20 10:41:35.378: [INFO] BookmarkNodeAdded, ABU: 0
2026-09-20 10:41:35.428: [INFO] BookmarkBarPrefChanged showBar=0 showBarNTP=0
2026-09-20 10:41:35.507: [INFO] VisibilityChanged: 1
2026-09-20 10:41:36.355: [INFO] Sync initialization duration: 5803ms
2026-09-20 10:44:26.034: [INFO] VisibilityChanged: 0
2026-09-20 10:44:26.327: [INFO] BookmarksSnapshot Shutdown total=11 bar=10 other=2 mobile=0 showBar=1 showBarNTP=0
2026-09-20 10:46:03.529: [INFO] CurrentProfilePath: C:\Users\rjxas\AppData\Local\Temp\flutter_tools.be10d28b\flutter_tools_chrome_device.3d582c0d\Default
2026-09-20 10:46:03.529: [INFO] Profiles total count: 1
2026-09-20 10:46:03.532: [INFO] Profile: name=Profile 1 path=C:\Users\rjxas\AppData\Local\Temp\flutter_tools.be10d28b\flutter_tools_chrome_device.3d582c0d\Default lastActive=2026-09-20T10:46:03.425Z
2026-09-20 10:46:03.532: [INFO] LastUsedProfileDir: C:\Users\rjxas\AppData\Local\Temp\flutter_tools.be10d28b\flutter_tools_chrome_device.3d582c0d\Default
2026-09-20 10:46:03.532: [INFO] MostRecentlyActiveProfile: name=Profile 1 path=C:\Users\rjxas\AppData\Local\Temp\flutter_tools.be10d28b\flutter_tools_chrome_device.3d582c0d\Default lastActive=2026-09-20T10:46:03.425Z
2026-09-20 10:46:03.533: [INFO] OnDoneLoading sync enabled: 1
2026-09-20 10:46:03.533: [INFO] BookmarkModelLoaded, ids_reassigned: 0
2026-09-20 10:46:03.533: [INFO] BookmarksLoadDropped droppedNodes=0
2026-09-20 10:46:03.533: [INFO] BookmarksSnapshot Startup total=12 bar=11 other=2 mobile=0 showBar=1 showBarNTP=0
2026-09-20 10:46:15.647: [INFO] Sync initialization duration: 1666ms
2026-09-20 10:57:35.669: [INFO] BookmarksSnapshot Shutdown total=12 bar=11 other=2 mobile=0 showBar=1 showBarNTP=0
