{"logTime": "0920/104131", "correlationVector":"TD5XrXFWQgHRyLGOs+jySY.1","action":"SyncServerConnectionManagerRequest", "result":"SYNC_SERVER_OK", "context":{"environment":"Prod_southeastasia_prod-s01-065-apac-southeastasia", "migrationStage":"NotStarted", "server":"akswtt00300000i"}}
{"logTime": "0920/104131", "correlationVector":"TD5XrXFWQgHRyLGOs+jySY.2","action":"ProcessGetUpdates", "result":"Done", "context":{"dataType":"Encryption Keys", "deleted":"0", "process_failed_to_decrypt":"0", "process_pending_decryption":"0", "process_success":"1", "total":"1"}}
{"logTime": "0920/104132", "correlationVector":"ZgOP+ax72e0Q0RVkWeAf65","action":"SyncServerConnectionManagerRequest", "result":"SYNC_SERVER_OK", "context":{"environment":"", "migrationStage":"", "server":""}}
{"logTime": "0920/104132", "correlationVector":"ZgOP+ax72e0Q0RVkWeAf65.0","action":"EncryptionKeysFetcher.DownloadKeys:", "result":"Success", "context":Key count: 10, Last key timestamp: 2026-07-03T07:45:28Z}
{"logTime": "0920/104132", "correlationVector":"ZgOP+ax72e0Q0RVkWeAf65.1","action":"EncryptionKeysManager::SetEncryptionKeys:", "result":"Success", "context":Key names[10]:[FGSppVc1ZtHISOoSPphySYUM45V87zUqsOsN/V0vyj73ZpF77FN13T8cs2R8HN1KUHZdwBU78YRUXvbOVo2Iig==][MDjvZXeOia5RQCazr8mV4CueidvPBBFpFLWatpZQ6QKKQ8oIesl0DTeIAYGCqtOFYHkimKHPAj0MzQP0OsgL2w==][MBMOTUDH2YhTGpKKxhkJHyPeNbzBLXGlviq4w7NMJxnJkLi0mhHinyO1q1Z7lHfg+pbndeqlFVBQ+gFwVSK89g==][Ha8vdb0QEZ8Q+WM4Ct3ZupXfnYWfwFBXLXkzpC2SFZ0aHBPwO31sJotuuEQgjwoGDiYhW84yY33DfpHdmnoLwQ==][OqHLmCDDCgqjeS/r+ZTwE2XtyMy3mh2uOaknpxYFbXE+wY/JKs0odYcsEU1dvPpNrVRQpONjLZNcCmOtyTZAZg==][C8uuCr18rqx4xQTLR9dg0iRu/ClafKBBDezSXCAox/AjA8cvcxSYfVLfQKpdXaODgwgarytshwg8I8uNJPYMHA==][dQSY7upfgkBfpCmJs2VOc7HnExGtcgwRq+HOsfmX+CALYdWtHIxbExaYiyQi2pgesfXHZ+rBqVCAQmfANL514w==][CprfQJe9jQnZSUT+fhCoxjHztIHoJxyqIrN7vAAarFLKWYQYu5+O6DFyfV8KYYtTdxtkyPqNTu9q60w67wn7Sw==][mvtaC6rUlXiSUo1/CUz5AlgF4CAL7UD13tb8hrfj5zjPi4BqLxFHi4oVKe0w+/3dunBZy6b/0Sbh0DJ2LMNxUA==][kVauVcqZNDwi++te0phDYH5kAwKgW/qKyoaY+KACdah/e6dwP+SKo08pzmlt9AwvUO94rFzz+/j+G3nE9IGqgg==]}
{"logTime": "0920/104132", "correlationVector":"ZgOP+ax72e0Q0RVkWeAf65.2","action":"EncryptionKeysManager::SetEncryptionKeysWithTimestamps:", "result":"Success", "context":Key timestamps[10]:[2022-12-27T04:41:57Z][2023-02-04T05:46:50Z][2023-08-03T09:21:32Z][2023-08-31T08:29:21Z][2024-02-27T20:49:44Z][2024-08-26T02:41:17Z][2025-02-22T04:47:17Z][2025-08-21T12:19:21Z][2026-01-04T05:00:30Z][2026-07-03T07:45:28Z]}
{"logTime": "0920/104132", "correlationVector":"TD5XrXFWQgHRyLGOs+jySY","action":"Initial GetUpdates", "result":"", "context":Reason: NEW_CLIENT. cV=TD5XrXFWQgHRyLGOs+jySY}
{"logTime": "0920/104132", "correlationVector":"TD5XrXFWQgHRyLGOs+jySY.3","action":"GetUpdates Response", "result":"Success", "context":Received 1 update(s). cV=TD5XrXFWQgHRyLGOs+jySY.0;server=akswtt00300000i;cloudType=Consumer;environment=Prod_southeastasia_prod-s01-065-apac-southeastasia;migrationStage=NotStarted}
{"logTime": "0920/104132", "correlationVector":"mD53Al9UBwQMAnjnIfSZvq","action":"Initial GetUpdates", "result":"", "context":Reason: NEWLY_SUPPORTED_DATATYPE. cV=mD53Al9UBwQMAnjnIfSZvq}
{"logTime": "0920/104132", "correlationVector":"mD53Al9UBwQMAnjnIfSZvq.1","action":"SyncServerConnectionManagerRequest", "result":"SYNC_SERVER_OK", "context":{"environment":"Prod_southeastasia_prod-s01-065-apac-southeastasia", "migrationStage":"NotStarted", "server":"akswtt003000039"}}
{"logTime": "0920/104132", "correlationVector":"mD53Al9UBwQMAnjnIfSZvq.2","action":"ProcessGetUpdates", "result":"Done", "context":{"dataType":"Passwords", "deleted":"52", "process_failed_to_decrypt":"0", "process_pending_decryption":"0", "process_success":"55", "total":"55"}}
{"logTime": "0920/104132", "correlationVector":"mD53Al9UBwQMAnjnIfSZvq.3","action":"ProcessGetUpdates", "result":"Done", "context":{"dataType":"Device Info", "deleted":"0", "process_failed_to_decrypt":"0", "process_pending_decryption":"0", "process_success":"30", "total":"30"}}
{"logTime": "0920/104132", "correlationVector":"mD53Al9UBwQMAnjnIfSZvq.4","action":"GetUpdates Response", "result":"Success", "context":Received 85 update(s). cV=mD53Al9UBwQMAnjnIfSZvq.0;server=akswtt003000039;cloudType=Consumer;environment=Prod_southeastasia_prod-s01-065-apac-southeastasia;migrationStage=NotStarted}
{"logTime": "0920/104132", "correlationVector":"YKLwnZtMsdhz8uNdG+rLHd","action":"Initial GetUpdates", "result":"", "context":Reason: NEWLY_SUPPORTED_DATATYPE. cV=YKLwnZtMsdhz8uNdG+rLHd}
{"logTime": "0920/104133", "correlationVector":"YKLwnZtMsdhz8uNdG+rLHd.1","action":"SyncServerConnectionManagerRequest", "result":"SYNC_SERVER_OK", "context":{"environment":"Prod_southeastasia_prod-s01-065-apac-southeastasia", "migrationStage":"NotStarted", "server":"akswtt00300000h"}}
{"logTime": "0920/104133", "correlationVector":"YKLwnZtMsdhz8uNdG+rLHd.2","action":"ProcessGetUpdates", "result":"Done", "context":{"dataType":"Bookmarks", "deleted":"2", "process_failed_to_decrypt":"0", "process_pending_decryption":"0", "process_success":"16", "total":"16"}}
{"logTime": "0920/104133", "correlationVector":"YKLwnZtMsdhz8uNdG+rLHd.3","action":"ProcessGetUpdates", "result":"Done", "context":{"dataType":"Preferences", "deleted":"0", "process_failed_to_decrypt":"0", "process_pending_decryption":"0", "process_success":"100", "total":"100"}}
{"logTime": "0920/104133", "correlationVector":"YKLwnZtMsdhz8uNdG+rLHd.4","action":"ProcessGetUpdates", "result":"Done", "context":{"dataType":"Autofill", "deleted":"0", "process_failed_to_decrypt":"0", "process_pending_decryption":"0", "process_success":"1", "total":"1"}}
{"logTime": "0920/104133", "correlationVector":"YKLwnZtMsdhz8uNdG+rLHd.5","action":"ProcessGetUpdates", "result":"Done", "context":{"dataType":"Extensions", "deleted":"0", "process_failed_to_decrypt":"0", "process_pending_decryption":"0", "process_success":"4", "total":"4"}}
{"logTime": "0920/104133", "correlationVector":"YKLwnZtMsdhz8uNdG+rLHd.6","action":"ProcessGetUpdates", "result":"Done", "context":{"dataType":"Sessions", "deleted":"94", "process_failed_to_decrypt":"0", "process_pending_decryption":"0", "process_success":"94", "total":"94"}}
{"logTime": "0920/104133", "correlationVector":"YKLwnZtMsdhz8uNdG+rLHd.7","action":"ProcessGetUpdates", "result":"Done", "context":{"dataType":"Extension settings", "deleted":"0", "process_failed_to_decrypt":"0", "process_pending_decryption":"0", "process_success":"2", "total":"2"}}
{"logTime": "0920/104133", "correlationVector":"YKLwnZtMsdhz8uNdG+rLHd.8","action":"ProcessGetUpdates", "result":"Done", "context":{"dataType":"Saved Tab Group", "deleted":"18", "process_failed_to_decrypt":"0", "process_pending_decryption":"0", "process_success":"18", "total":"18"}}
{"logTime": "0920/104133", "correlationVector":"YKLwnZtMsdhz8uNdG+rLHd.9","action":"ProcessGetUpdates", "result":"Done", "context":{"dataType":"Edge Hub App Usage", "deleted":"7", "process_failed_to_decrypt":"0", "process_pending_decryption":"0", "process_success":"15", "total":"15"}}
{"logTime": "0920/104133", "correlationVector":"YKLwnZtMsdhz8uNdG+rLHd.10","action":"GetUpdates Response", "result":"Success", "context":Received 250 update(s). cV=YKLwnZtMsdhz8uNdG+rLHd.0;server=akswtt00300000h;cloudType=Consumer;environment=Prod_southeastasia_prod-s01-065-apac-southeastasia;migrationStage=NotStarted Some updates remain.}
{"logTime": "0920/104133", "correlationVector":"9nIXbTe64fCnJuZ2RLMRGn","action":"Initial GetUpdates", "result":"", "context":Reason: NEWLY_SUPPORTED_DATATYPE. cV=9nIXbTe64fCnJuZ2RLMRGn}
{"logTime": "0920/104133", "correlationVector":"9nIXbTe64fCnJuZ2RLMRGn.1","action":"SyncServerConnectionManagerRequest", "result":"SYNC_SERVER_OK", "context":{"environment":"Prod_southeastasia_prod-s01-065-apac-southeastasia", "migrationStage":"NotStarted", "server":"akswtt003000023"}}
{"logTime": "0920/104133", "correlationVector":"9nIXbTe64fCnJuZ2RLMRGn.2","action":"ProcessGetUpdates", "result":"Done", "context":{"dataType":"Autofill", "deleted":"187", "process_failed_to_decrypt":"0", "process_pending_decryption":"0", "process_success":"187", "total":"187"}}
{"logTime": "0920/104133", "correlationVector":"9nIXbTe64fCnJuZ2RLMRGn.3","action":"ProcessGetUpdates", "result":"Done", "context":{"dataType":"Sessions", "deleted":"55", "process_failed_to_decrypt":"0", "process_pending_decryption":"0", "process_success":"55", "total":"55"}}
{"logTime": "0920/104133", "correlationVector":"9nIXbTe64fCnJuZ2RLMRGn.4","action":"ProcessGetUpdates", "result":"Done", "context":{"dataType":"Saved Tab Group", "deleted":"3", "process_failed_to_decrypt":"0", "process_pending_decryption":"0", "process_success":"3", "total":"3"}}
{"logTime": "0920/104133", "correlationVector":"9nIXbTe64fCnJuZ2RLMRGn.5","action":"ProcessGetUpdates", "result":"Done", "context":{"dataType":"Edge Hub App Usage", "deleted":"0", "process_failed_to_decrypt":"0", "process_pending_decryption":"0", "process_success":"5", "total":"5"}}
{"logTime": "0920/104133", "correlationVector":"9nIXbTe64fCnJuZ2RLMRGn.6","action":"GetUpdates Response", "result":"Success", "context":Received 250 update(s). cV=9nIXbTe64fCnJuZ2RLMRGn.0;server=akswtt003000023;cloudType=Consumer;environment=Prod_southeastasia_prod-s01-065-apac-southeastasia;migrationStage=NotStarted Some updates remain.}
{"logTime": "0920/104133", "correlationVector":"S7V5htoTYLMFQulwIxxOOR","action":"Initial GetUpdates", "result":"", "context":Reason: NEWLY_SUPPORTED_DATATYPE. cV=S7V5htoTYLMFQulwIxxOOR}
{"logTime": "0920/104134", "correlationVector":"S7V5htoTYLMFQulwIxxOOR.1","action":"SyncServerConnectionManagerRequest", "result":"SYNC_SERVER_OK", "context":{"environment":"Prod_southeastasia_prod-s01-065-apac-southeastasia", "migrationStage":"NotStarted", "server":"akswtt003000055"}}
{"logTime": "0920/104134", "correlationVector":"S7V5htoTYLMFQulwIxxOOR.2","action":"ProcessGetUpdates", "result":"Done", "context":{"dataType":"Bookmarks", "deleted":"0", "process_failed_to_decrypt":"0", "process_pending_decryption":"0", "process_success":"2", "total":"2"}}
{"logTime": "0920/104134", "correlationVector":"S7V5htoTYLMFQulwIxxOOR.3","action":"ProcessGetUpdates", "result":"Done", "context":{"dataType":"Preferences", "deleted":"0", "process_failed_to_decrypt":"0", "process_pending_decryption":"0", "process_success":"4", "total":"4"}}
{"logTime": "0920/104134", "correlationVector":"S7V5htoTYLMFQulwIxxOOR.4","action":"ProcessGetUpdates", "result":"Done", "context":{"dataType":"Autofill", "deleted":"113", "process_failed_to_decrypt":"0", "process_pending_decryption":"0", "process_success":"136", "total":"136"}}
{"logTime": "0920/104134", "correlationVector":"S7V5htoTYLMFQulwIxxOOR.5","action":"ProcessGetUpdates", "result":"Done", "context":{"dataType":"Sessions", "deleted":"103", "process_failed_to_decrypt":"0", "process_pending_decryption":"0", "process_success":"103", "total":"103"}}
{"logTime": "0920/104134", "correlationVector":"S7V5htoTYLMFQulwIxxOOR.6","action":"ProcessGetUpdates", "result":"Done", "context":{"dataType":"Edge Hub App Usage", "deleted":"0", "process_failed_to_decrypt":"0", "process_pending_decryption":"0", "process_success":"5", "total":"5"}}
{"logTime": "0920/104134", "correlationVector":"S7V5htoTYLMFQulwIxxOOR.7","action":"GetUpdates Response", "result":"Success", "context":Received 250 update(s). cV=S7V5htoTYLMFQulwIxxOOR.0;server=akswtt003000055;cloudType=Consumer;environment=Prod_southeastasia_prod-s01-065-apac-southeastasia;migrationStage=NotStarted Some updates remain.}
{"logTime": "0920/104134", "correlationVector":"Wdj+Fhegoam2Yrylc7HSJd","action":"Initial GetUpdates", "result":"", "context":Reason: NEWLY_SUPPORTED_DATATYPE. cV=Wdj+Fhegoam2Yrylc7HSJd}
{"logTime": "0920/104135", "correlationVector":"Wdj+Fhegoam2Yrylc7HSJd.1","action":"SyncServerConnectionManagerRequest", "result":"SYNC_SERVER_OK", "context":{"environment":"Prod_southeastasia_prod-s01-065-apac-southeastasia", "migrationStage":"NotStarted", "server":"akswtt00300001r"}}
{"logTime": "0920/104135", "correlationVector":"Wdj+Fhegoam2Yrylc7HSJd.2","action":"ProcessGetUpdates", "result":"Done", "context":{"dataType":"Bookmarks", "deleted":"0", "process_failed_to_decrypt":"0", "process_pending_decryption":"0", "process_success":"2", "total":"2"}}
{"logTime": "0920/104135", "correlationVector":"Wdj+Fhegoam2Yrylc7HSJd.3","action":"ProcessGetUpdates", "result":"Done", "context":{"dataType":"Preferences", "deleted":"0", "process_failed_to_decrypt":"0", "process_pending_decryption":"0", "process_success":"4", "total":"4"}}
{"logTime": "0920/104135", "correlationVector":"Wdj+Fhegoam2Yrylc7HSJd.4","action":"ProcessGetUpdates", "result":"Done", "context":{"dataType":"Autofill", "deleted":"0", "process_failed_to_decrypt":"0", "process_pending_decryption":"0", "process_success":"107", "total":"107"}}
{"logTime": "0920/104135", "correlationVector":"Wdj+Fhegoam2Yrylc7HSJd.5","action":"ProcessGetUpdates", "result":"Done", "context":{"dataType":"Extensions", "deleted":"0", "process_failed_to_decrypt":"0", "process_pending_decryption":"0", "process_success":"4", "total":"4"}}
{"logTime": "0920/104135", "correlationVector":"Wdj+Fhegoam2Yrylc7HSJd.6","action":"ProcessGetUpdates", "result":"Done", "context":{"dataType":"Sessions", "deleted":"105", "process_failed_to_decrypt":"0", "process_pending_decryption":"0", "process_success":"105", "total":"105"}}
{"logTime": "0920/104135", "correlationVector":"Wdj+Fhegoam2Yrylc7HSJd.7","action":"ProcessGetUpdates", "result":"Done", "context":{"dataType":"Edge Hub App Usage", "deleted":"26", "process_failed_to_decrypt":"0", "process_pending_decryption":"0", "process_success":"28", "total":"28"}}
{"logTime": "0920/104135", "correlationVector":"Wdj+Fhegoam2Yrylc7HSJd.8","action":"GetUpdates Response", "result":"Success", "context":Received 250 update(s). cV=Wdj+Fhegoam2Yrylc7HSJd.0;server=akswtt00300001r;cloudType=Consumer;environment=Prod_southeastasia_prod-s01-065-apac-southeastasia;migrationStage=NotStarted Some updates remain.}
{"logTime": "0920/104135", "correlationVector":"ZSpDuLNVApuW2h7g/2ItBB","action":"Initial GetUpdates", "result":"", "context":Reason: NEWLY_SUPPORTED_DATATYPE. cV=ZSpDuLNVApuW2h7g/2ItBB}
{"logTime": "0920/104135", "correlationVector":"ZSpDuLNVApuW2h7g/2ItBB.1","action":"SyncServerConnectionManagerRequest", "result":"SYNC_SERVER_OK", "context":{"environment":"Prod_southeastasia_prod-s01-065-apac-southeastasia", "migrationStage":"NotStarted", "server":"akswtt00300002z"}}
{"logTime": "0920/104135", "correlationVector":"ZSpDuLNVApuW2h7g/2ItBB.2","action":"ProcessGetUpdates", "result":"Done", "context":{"dataType":"Preferences", "deleted":"0", "process_failed_to_decrypt":"0", "process_pending_decryption":"0", "process_success":"4", "total":"4"}}
{"logTime": "0920/104135", "correlationVector":"ZSpDuLNVApuW2h7g/2ItBB.3","action":"ProcessGetUpdates", "result":"Done", "context":{"dataType":"Autofill", "deleted":"0", "process_failed_to_decrypt":"0", "process_pending_decryption":"0", "process_success":"69", "total":"69"}}
{"logTime": "0920/104135", "correlationVector":"ZSpDuLNVApuW2h7g/2ItBB.4","action":"ProcessGetUpdates", "result":"Done", "context":{"dataType":"Extensions", "deleted":"0", "process_failed_to_decrypt":"0", "process_pending_decryption":"0", "process_success":"2", "total":"2"}}
{"logTime": "0920/104135", "correlationVector":"ZSpDuLNVApuW2h7g/2ItBB.5","action":"ProcessGetUpdates", "result":"Done", "context":{"dataType":"Sessions", "deleted":"11", "process_failed_to_decrypt":"0", "process_pending_decryption":"0", "process_success":"21", "total":"21"}}
{"logTime": "0920/104135", "correlationVector":"ZSpDuLNVApuW2h7g/2ItBB.6","action":"GetUpdates Response", "result":"Success", "context":Received 96 update(s). cV=ZSpDuLNVApuW2h7g/2ItBB.0;server=akswtt00300002z;cloudType=Consumer;environment=Prod_southeastasia_prod-s01-065-apac-southeastasia;migrationStage=NotStarted}
{"logTime": "0920/104135", "correlationVector":"/aRDWybxjZ3gOmbWBRfW3P","action":"Initial GetUpdates", "result":"", "context":Reason: NEWLY_SUPPORTED_DATATYPE. cV=/aRDWybxjZ3gOmbWBRfW3P}
{"logTime": "0920/104136", "correlationVector":"/aRDWybxjZ3gOmbWBRfW3P.1","action":"SyncServerConnectionManagerRequest", "result":"SYNC_SERVER_OK", "context":{"environment":"Prod_southeastasia_prod-s01-065-apac-southeastasia", "migrationStage":"NotStarted", "server":"akswtt003000031"}}
{"logTime": "0920/104136", "correlationVector":"/aRDWybxjZ3gOmbWBRfW3P.2","action":"ProcessGetUpdates", "result":"Done", "context":{"dataType":"History", "deleted":"0", "process_failed_to_decrypt":"0", "process_pending_decryption":"0", "process_success":"250", "total":"250"}}
{"logTime": "0920/104136", "correlationVector":"/aRDWybxjZ3gOmbWBRfW3P.3","action":"GetUpdates Response", "result":"Success", "context":Received 250 update(s). cV=/aRDWybxjZ3gOmbWBRfW3P.0;server=akswtt003000031;cloudType=Consumer;environment=Prod_southeastasia_prod-s01-065-apac-southeastasia;migrationStage=NotStarted Some updates remain.}
{"logTime": "0920/104136", "correlationVector":"J+udyevE7lXKtWnr8KerqG","action":"Initial GetUpdates", "result":"", "context":Reason: NEWLY_SUPPORTED_DATATYPE. cV=J+udyevE7lXKtWnr8KerqG}
{"logTime": "0920/104136", "correlationVector":"J+udyevE7lXKtWnr8KerqG.1","action":"SyncServerConnectionManagerRequest", "result":"SYNC_SERVER_OK", "context":{"environment":"Prod_southeastasia_prod-s01-065-apac-southeastasia", "migrationStage":"NotStarted", "server":"akswtt003000055"}}
{"logTime": "0920/104136", "correlationVector":"J+udyevE7lXKtWnr8KerqG.2","action":"ProcessGetUpdates", "result":"Done", "context":{"dataType":"History", "deleted":"0", "process_failed_to_decrypt":"0", "process_pending_decryption":"0", "process_success":"26", "total":"26"}}
{"logTime": "0920/104136", "correlationVector":"J+udyevE7lXKtWnr8KerqG.3","action":"GetUpdates Response", "result":"Success", "context":Received 26 update(s). cV=J+udyevE7lXKtWnr8KerqG.0;server=akswtt003000055;cloudType=Consumer;environment=Prod_southeastasia_prod-s01-065-apac-southeastasia;migrationStage=NotStarted}
{"logTime": "0920/104136", "correlationVector":"h//2wzZJi43l6iPXmfeFhK","action":"Normal GetUpdate request", "result":"", "context":cV=h//2wzZJi43l6iPXmfeFhK
Nudged types: Sessions, Device Info, User Consents
Refresh requested types: Bookmarks, Preferences, Passwords, Autofill Profiles, Autofill, Extensions, Sessions, Extension settings, History Delete Directives, Device Info, User Consents, Send Tab To Self, Web Apps, History, Saved Tab Group, WebAuthn Credentials, Edge E Drop, Edge Hub App Usage, Edge Workspace, Encryption Keys}
{"logTime": "0920/104137", "correlationVector":"h//2wzZJi43l6iPXmfeFhK.1","action":"SyncServerConnectionManagerRequest", "result":"SYNC_SERVER_OK", "context":{"environment":"Prod_southeastasia_prod-s01-065-apac-southeastasia", "migrationStage":"NotStarted", "server":"akswtt00300001i"}}
{"logTime": "0920/104137", "correlationVector":"h//2wzZJi43l6iPXmfeFhK.2","action":"GetUpdates Response", "result":"Success", "context":Received 0 update(s). cV=h//2wzZJi43l6iPXmfeFhK.0;server=akswtt00300001i;cloudType=Consumer;environment=Prod_southeastasia_prod-s01-065-apac-southeastasia;migrationStage=NotStarted}
{"logTime": "0920/104137", "correlationVector":"w85Ynp/wlzAwxgcQQHannW","action":"DoCompareDataConsistency requsted types: ", "result":"Bookmarks, Preferences, Passwords, Extensions, Extension settings, History Delete Directives, Send Tab To Self, Web Apps, History, Saved Tab Group, WebAuthn Credentials, Edge E Drop, Edge Workspace, Encryption Keys"}
{"logTime": "0920/104137", "correlationVector":"w85Ynp/wlzAwxgcQQHannW.0","action":"CompareDataConsistency result: ", "result":"Compare result: Encryption Keys is consistent. local entities count is: 1 local entities hash is: P9Zf5cHNF01HoRA8mlIwweU/rsE="}
{"logTime": "0920/104137", "correlationVector":"w85Ynp/wlzAwxgcQQHannW.1","action":"CompareDataConsistency result: ", "result":"Compare result: Bookmarks is consistent. local entities count is: 12 local entities hash is: GI9Ff/uF5R55W6YOXD6j50dhcrM="}
{"logTime": "0920/104137", "correlationVector":"w85Ynp/wlzAwxgcQQHannW.2","action":"CompareDataConsistency result: ", "result":"Compare result: Preferences is consistent. local entities count is: 112 local entities hash is: 72hCll7MZgq+T6oYmcH4IPH47hs="}
{"logTime": "0920/104137", "correlationVector":"w85Ynp/wlzAwxgcQQHannW.3","action":"CompareDataConsistency result: ", "result":"Compare result: Extensions is consistent. local entities count is: 10 local entities hash is: kg6+trSTq3bf4/ZiIR4wJ6U45No="}
{"logTime": "0920/104137", "correlationVector":"w85Ynp/wlzAwxgcQQHannW.4","action":"CompareDataConsistency result: ", "result":"Compare result: Extension settings is consistent. local entities count is: 2 local entities hash is: N71g0oxSKMhDea5rHmdZ9PMfANw="}
{"logTime": "0920/104137", "correlationVector":"w85Ynp/wlzAwxgcQQHannW.5","action":"CompareDataConsistency result: ", "result":"Compare result: History Delete Directives is consistent. local entities count is: 0 local entities hash is: "}
{"logTime": "0920/104137", "correlationVector":"w85Ynp/wlzAwxgcQQHannW.6","action":"CompareDataConsistency result: ", "result":"Server did not send this Send Tab To Self local entities count is: 0 local entities hash is: "}
{"logTime": "0920/104137", "correlationVector":"w85Ynp/wlzAwxgcQQHannW.7","action":"CompareDataConsistency result: ", "result":"Compare result: Web Apps is consistent. local entities count is: 0 local entities hash is: "}
{"logTime": "0920/104137", "correlationVector":"w85Ynp/wlzAwxgcQQHannW.8","action":"CompareDataConsistency result: ", "result":"Server did not send this History local entities count is: 0 local entities hash is: "}
{"logTime": "0920/104137", "correlationVector":"w85Ynp/wlzAwxgcQQHannW.9","action":"CompareDataConsistency result: ", "result":"Compare result: Saved Tab Group is consistent. local entities count is: 0 local entities hash is: "}
{"logTime": "0920/104137", "correlationVector":"w85Ynp/wlzAwxgcQQHannW.10","action":"CompareDataConsistency result: ", "result":"Server did not send this WebAuthn Credentials local entities count is: 0 local entities hash is: "}
{"logTime": "0920/104137", "correlationVector":"w85Ynp/wlzAwxgcQQHannW.11","action":"CompareDataConsistency result: ", "result":"Compare result: Edge E Drop is consistent. local entities count is: 0 local entities hash is: "}
{"logTime": "0920/104137", "correlationVector":"w85Ynp/wlzAwxgcQQHannW.12","action":"CompareDataConsistency result: ", "result":"Server did not send this Edge Workspace local entities count is: 0 local entities hash is: "}
{"logTime": "0920/104137", "correlationVector":"w85Ynp/wlzAwxgcQQHannW.13","action":"CompareDataConsistency result: ", "result":"Compare result: Passwords is consistent. local entities count is: 3 local entities hash is: qo5OinywHBVdPeFKhAv0ZS6xL3I="}
{"logTime": "0920/104137", "correlationVector":"o99yvlxXyI6L70mLaKBE4v","action":"Commit Request", "result":"", "context":Item count: 4
Contributing types: Sessions, Device Info, User Consents}
{"logTime": "0920/104138", "correlationVector":"o99yvlxXyI6L70mLaKBE4v.1","action":"SyncServerConnectionManagerRequest", "result":"SYNC_SERVER_OK", "context":{"environment":"Prod_southeastasia_prod-s01-065-apac-southeastasia", "migrationStage":"NotStarted", "server":"akswtt00300000l"}}
{"logTime": "0920/104138", "correlationVector":"o99yvlxXyI6L70mLaKBE4v.2","action":"Commit Response", "result":"Success", "context":Result: Success. cV=o99yvlxXyI6L70mLaKBE4v.0;server=akswtt00300000l;cloudType=Consumer;environment=Prod_southeastasia_prod-s01-065-apac-southeastasia;migrationStage=NotStarted}
{"logTime": "0920/104138", "correlationVector":"","action":"DIAGNOSTIC_REQUEST|v1/diagnosticData/Diagnostic.SendCheckResult()|SUCCESS", "result":""}
{"logTime": "0920/104222", "correlationVector":"t9HVhFlHmoRwsGd7k+DlSY","action":"Commit Request", "result":"", "context":Item count: 4
Contributing types: Passwords, Sessions, History}
{"logTime": "0920/104223", "correlationVector":"t9HVhFlHmoRwsGd7k+DlSY.1","action":"SyncServerConnectionManagerRequest", "result":"SYNC_SERVER_OK", "context":{"environment":"Prod_southeastasia_prod-s01-065-apac-southeastasia", "migrationStage":"NotStarted", "server":"akswtt00300002s"}}
{"logTime": "0920/104223", "correlationVector":"t9HVhFlHmoRwsGd7k+DlSY.2","action":"Commit Response", "result":"Success", "context":Result: Success. cV=t9HVhFlHmoRwsGd7k+DlSY.0;server=akswtt00300002s;cloudType=Consumer;environment=Prod_southeastasia_prod-s01-065-apac-southeastasia;migrationStage=NotStarted}
{"logTime": "0920/104614", "correlationVector":"e9x227iBIpgOBetqkCHv3O.1","action":"SyncServerConnectionManagerRequest", "result":"SYNC_SERVER_OK", "context":{"environment":"Prod_southeastasia_prod-s01-065-apac-southeastasia", "migrationStage":"NotStarted", "server":"akswtt00300003u"}}
{"logTime": "0920/104614", "correlationVector":"e9x227iBIpgOBetqkCHv3O.2","action":"ProcessGetUpdates", "result":"Done", "context":{"dataType":"Encryption Keys", "deleted":"0", "process_failed_to_decrypt":"0", "process_pending_decryption":"0", "process_success":"1", "total":"1"}}
{"logTime": "0920/104615", "correlationVector":"X76gj5EsP62OH5G9TnxV6O","action":"SyncServerConnectionManagerRequest", "result":"SYNC_SERVER_ERROR", "context":{"environment":"", "error_type":"http_status_code", "error_value":"400", "migrationStage":"", "server":""}}
{"logTime": "0920/104615", "correlationVector":"e9x227iBIpgOBetqkCHv3O","action":"Initial GetUpdates", "result":"", "context":Reason: NEW_CLIENT. cV=e9x227iBIpgOBetqkCHv3O}
{"logTime": "0920/104615", "correlationVector":"e9x227iBIpgOBetqkCHv3O.3","action":"GetUpdates Response", "result":"Success", "context":Received 1 update(s). cV=e9x227iBIpgOBetqkCHv3O.0;server=akswtt00300003u;cloudType=Consumer;environment=Prod_southeastasia_prod-s01-065-apac-southeastasia;migrationStage=NotStarted}
{"logTime": "0920/104615", "correlationVector":"/LYnEmQztEBBQUjX86goY/","action":"Normal GetUpdate request", "result":"", "context":cV=/LYnEmQztEBBQUjX86goY/
Nudged types: Sessions, History
Refresh requested types: Bookmarks, Preferences, Extensions, Sessions, Extension settings, History Delete Directives, Device Info, User Consents, Send Tab To Self, Web Apps, History, Saved Tab Group, WebAuthn Credentials, Edge E Drop, Edge Hub App Usage, Edge Workspace, Encryption Keys}
{"logTime": "0920/104615", "correlationVector":"/LYnEmQztEBBQUjX86goY/.1","action":"SyncServerConnectionManagerRequest", "result":"SYNC_SERVER_OK", "context":{"environment":"Prod_southeastasia_prod-s01-065-apac-southeastasia", "migrationStage":"NotStarted", "server":"akswtt003000056"}}
{"logTime": "0920/104615", "correlationVector":"/LYnEmQztEBBQUjX86goY/.2","action":"ProcessGetUpdates", "result":"Done", "context":{"dataType":"Sessions", "deleted":"0", "process_failed_to_decrypt":"0", "process_pending_decryption":"0", "process_success":"2", "total":"2"}}
{"logTime": "0920/104615", "correlationVector":"/LYnEmQztEBBQUjX86goY/.3","action":"ProcessGetUpdates", "result":"Done", "context":{"dataType":"Device Info", "deleted":"0", "process_failed_to_decrypt":"0", "process_pending_decryption":"0", "process_success":"1", "total":"1"}}
{"logTime": "0920/104615", "correlationVector":"/LYnEmQztEBBQUjX86goY/.4","action":"ProcessGetUpdates", "result":"Done", "context":{"dataType":"History", "deleted":"0", "process_failed_to_decrypt":"0", "process_pending_decryption":"0", "process_success":"1", "total":"1"}}
{"logTime": "0920/104615", "correlationVector":"/LYnEmQztEBBQUjX86goY/.5","action":"GetUpdates Response", "result":"Success", "context":Received 4 update(s). cV=/LYnEmQztEBBQUjX86goY/.0;server=akswtt003000056;cloudType=Consumer;environment=Prod_southeastasia_prod-s01-065-apac-southeastasia;migrationStage=NotStarted}
{"logTime": "0920/104616", "correlationVector":"xuChSWHl1oVBvr2EbGd70M","action":"Commit Request", "result":"", "context":Item count: 8
Contributing types: Sessions, History}
{"logTime": "0920/104617", "correlationVector":"xuChSWHl1oVBvr2EbGd70M.1","action":"SyncServerConnectionManagerRequest", "result":"SYNC_SERVER_OK", "context":{"environment":"Prod_southeastasia_prod-s01-065-apac-southeastasia", "migrationStage":"NotStarted", "server":"akswtt00300000d"}}
{"logTime": "0920/104617", "correlationVector":"xuChSWHl1oVBvr2EbGd70M.2","action":"Commit Response", "result":"Success", "context":Result: Success. cV=xuChSWHl1oVBvr2EbGd70M.0;server=akswtt00300000d;cloudType=Consumer;environment=Prod_southeastasia_prod-s01-065-apac-southeastasia;migrationStage=NotStarted}
{"logTime": "0920/104617", "correlationVector":"xrx0SqvvsKbxxOk8cvuld2","action":"SyncServerConnectionManagerRequest", "result":"SYNC_SERVER_ERROR", "context":{"environment":"", "error_type":"http_status_code", "error_value":"400", "migrationStage":"", "server":""}}
{"logTime": "0920/104717", "correlationVector":"iM2gZraOtn+jmoADXFJZY2","action":"Commit Request", "result":"", "context":Item count: 3
Contributing types: Sessions, History}
{"logTime": "0920/104718", "correlationVector":"iM2gZraOtn+jmoADXFJZY2.1","action":"SyncServerConnectionManagerRequest", "result":"SYNC_SERVER_OK", "context":{"environment":"Prod_southeastasia_prod-s01-064-apac-southeastasia", "migrationStage":"NotStarted", "server":"akswtt00300000j"}}
{"logTime": "0920/104718", "correlationVector":"iM2gZraOtn+jmoADXFJZY2.3","action":"Commit.Sessions", "result":"Success", "context":{"id":"8b1d29bd-c17b-4ce9-a957-244d699b4eec", "isDeleted":"true", "size":"0", "version":"1789901175361"}}
{"logTime": "0920/104718", "correlationVector":"iM2gZraOtn+jmoADXFJZY2.2","action":"Commit Response", "result":"Success", "context":Result: Success. cV=iM2gZraOtn+jmoADXFJZY2.0;server=akswtt00300000j;cloudType=Consumer;environment=Prod_southeastasia_prod-s01-064-apac-southeastasia;migrationStage=NotStarted}
